2025-07-31 18:45:29,427:INFO:====== WebDriver manager ======
2025-07-31 18:45:30,672:INFO:Get LATEST chromedriver version for google-chrome
2025-07-31 18:45:30,742:INFO:Get LATEST chromedriver version for google-chrome
2025-07-31 18:45:30,815:INFO:Driver [C:\Users\Asif Saleem\.wdm\drivers\chromedriver\win64\138.0.7204.183\chromedriver-win32/chromedriver.exe] found in cache
2025-07-31 18:45:32,555:INFO:test start
2025-07-31 18:45:32,894:INFO:data is fetched
2025-07-31 18:45:37,702:INFO:scrennshot is saved in ..\..\screenshots\dog_img250731-184537.png
2025-07-31 18:45:37,702:INFO:Working directory: C:\Users\Asif Saleem\PycharmProjects\qa_project_day15
2025-07-31 19:12:02,497:INFO:successfulyy fetch data , and tests are clear
2025-07-31 19:12:02,500:INFO:====== WebDriver manager ======
2025-07-31 19:12:03,834:INFO:Get LATEST chromedriver version for google-chrome
2025-07-31 19:12:03,914:INFO:Get LATEST chromedriver version for google-chrome
2025-07-31 19:12:03,970:INFO:Driver [C:\Users\Asif Saleem\.wdm\drivers\chromedriver\win64\138.0.7204.183\chromedriver-win32/chromedriver.exe] found in cache
2025-07-31 19:12:05,590:INFO:test start
2025-07-31 19:12:05,928:INFO:data is fetched
2025-07-31 19:12:10,639:INFO:scrennshot is saved in ..\..\screenshots\dog_img250731-191210.png
2025-07-31 19:12:10,639:INFO:Working directory: ..\..\screenshots\dog_img250731-191210.png
2025-07-31 19:27:52,934:INFO:successfulyy fetch data , and tests are clear
2025-07-31 19:27:52,938:INFO:====== WebDriver manager ======
2025-07-31 19:27:54,541:INFO:Get LATEST chromedriver version for google-chrome
2025-07-31 19:27:54,614:INFO:Get LATEST chromedriver version for google-chrome
2025-07-31 19:27:54,675:INFO:Driver [C:\Users\Asif Saleem\.wdm\drivers\chromedriver\win64\138.0.7204.183\chromedriver-win32/chromedriver.exe] found in cache
2025-07-31 19:27:56,172:INFO:test start
2025-07-31 19:27:56,521:INFO:data is fetched
2025-07-31 19:28:01,314:INFO:scrennshot is saved in ..\..\screenshots\dog_img250731-192801.png
2025-07-31 19:28:01,314:INFO:Working directory: ..\..\screenshots\dog_img250731-192801.png
2025-07-31 19:29:46,622:INFO:successfulyy fetch data , and tests are clear
2025-07-31 19:29:46,628:INFO:====== WebDriver manager ======
2025-07-31 19:29:47,844:INFO:Get LATEST chromedriver version for google-chrome
2025-07-31 19:29:47,896:INFO:Get LATEST chromedriver version for google-chrome
2025-07-31 19:29:47,946:INFO:Driver [C:\Users\Asif Saleem\.wdm\drivers\chromedriver\win64\138.0.7204.183\chromedriver-win32/chromedriver.exe] found in cache
2025-07-31 19:29:49,351:INFO:test start
2025-07-31 19:29:49,699:INFO:data is fetched
2025-07-31 19:29:54,198:INFO:scrennshot is saved in ..\..\screenshots\dog_img250731-192954.png
2025-07-31 19:29:54,198:INFO:Working directory: ..\..\screenshots\dog_img250731-192954.png
2025-07-31 19:35:14,457:INFO:successfulyy fetch data , and tests are clear
2025-07-31 19:35:14,460:INFO:====== WebDriver manager ======
2025-07-31 19:35:15,676:INFO:Get LATEST chromedriver version for google-chrome
2025-07-31 19:35:15,741:INFO:Get LATEST chromedriver version for google-chrome
2025-07-31 19:35:15,796:INFO:Driver [C:\Users\Asif Saleem\.wdm\drivers\chromedriver\win64\138.0.7204.183\chromedriver-win32/chromedriver.exe] found in cache
2025-07-31 19:35:17,164:INFO:test start
2025-07-31 19:35:17,495:INFO:data is fetched
2025-07-31 19:35:22,166:INFO:scrennshot is saved in ..\..\screenshots\dog_img250731-193521.png
2025-07-31 19:35:22,166:INFO:Working directory: ..\..\screenshots\dog_img250731-193521.png
2025-07-31 23:16:48,376:INFO:successfulyy fetch data , and tests are clear
2025-07-31 23:16:48,378:INFO:====== WebDriver manager ======
2025-07-31 23:16:51,139:INFO:Get LATEST chromedriver version for google-chrome
2025-07-31 23:16:51,217:INFO:Get LATEST chromedriver version for google-chrome
2025-07-31 23:16:51,287:INFO:Driver [C:\Users\Asif Saleem\.wdm\drivers\chromedriver\win64\138.0.7204.183\chromedriver-win32/chromedriver.exe] found in cache
2025-07-31 23:16:53,224:INFO:test start
2025-07-31 23:16:53,571:INFO:data is fetched
2025-07-31 23:16:58,262:INFO:scrennshot is saved in ..\..\screenshots\dog_img250731-231657.png
2025-07-31 23:16:58,262:INFO:Working directory: ..\..\screenshots\dog_img250731-231657.png
2025-07-31 23:31:09,700:INFO:successfulyy fetch data , and tests are clear
2025-07-31 23:31:09,705:INFO:====== WebDriver manager ======
2025-07-31 23:31:11,127:INFO:Get LATEST chromedriver version for google-chrome
2025-07-31 23:31:11,194:INFO:Get LATEST chromedriver version for google-chrome
2025-07-31 23:31:11,255:INFO:Driver [C:\Users\Asif Saleem\.wdm\drivers\chromedriver\win64\138.0.7204.183\chromedriver-win32/chromedriver.exe] found in cache
2025-07-31 23:31:12,736:INFO:test start
2025-07-31 23:31:13,081:INFO:data is fetched
2025-07-31 23:31:17,601:INFO:scrennshot is saved in ..\..\screenshots\dog_img250731-233117.png
2025-07-31 23:31:17,601:INFO:Working directory: ..\..\screenshots\dog_img250731-233117.png
